******************************************************************************
                  MSP430 Linker PC v18.1.4                     
******************************************************************************
>> Linked Wed May  1 00:36:14 2019

OUTPUT FILE NAME:   <OLED_Test.out>
ENTRY POINT SYMBOL: "_c_int00_noargs"  address: 0000db0e


MEMORY CONFIGURATION

         name            origin    length      used     unused   attr    fill
----------------------  --------  ---------  --------  --------  ----  --------
  SFR                   00000000   00000010  00000000  00000010  RWIX
  PERIPHERALS_8BIT      00000010   000000f0  00000000  000000f0  RWIX
  PERIPHERALS_16BIT     00000100   00000100  00000000  00000100  RWIX
  RAM                   00000200   00000200  0000006c  00000194  RWIX
  INFOD                 00001000   00000040  00000000  00000040  RWIX
  INFOC                 00001040   00000040  00000000  00000040  RWIX
  INFOB                 00001080   00000040  00000000  00000040  RWIX
  INFOA                 000010c0   00000040  00000000  00000040  RWIX
  FLASH                 0000c000   00003fde  00002d69  00001275  RWIX
  BSLSIGNATURE          0000ffde   00000002  00000002  00000000  RWIX  ffff 
  INT00                 0000ffe0   00000002  00000002  00000000  RWIX
  INT01                 0000ffe2   00000002  00000000  00000002  RWIX
  INT02                 0000ffe4   00000002  00000002  00000000  RWIX
  INT03                 0000ffe6   00000002  00000002  00000000  RWIX
  INT04                 0000ffe8   00000002  00000000  00000002  RWIX
  INT05                 0000ffea   00000002  00000002  00000000  RWIX
  INT06                 0000ffec   00000002  00000002  00000000  RWIX
  INT07                 0000ffee   00000002  00000002  00000000  RWIX
  INT08                 0000fff0   00000002  00000002  00000000  RWIX
  INT09                 0000fff2   00000002  00000002  00000000  RWIX
  INT10                 0000fff4   00000002  00000002  00000000  RWIX
  INT11                 0000fff6   00000002  00000002  00000000  RWIX
  INT12                 0000fff8   00000002  00000002  00000000  RWIX
  INT13                 0000fffa   00000002  00000002  00000000  RWIX
  INT14                 0000fffc   00000002  00000002  00000000  RWIX
  RESET                 0000fffe   00000002  00000002  00000000  RWIX


SECTION ALLOCATION MAP

 output                                  attributes/
section   page    origin      length       input sections
--------  ----  ----------  ----------   ----------------
.bss       0    00000200    0000000e     UNINITIALIZED
                  00000200    00000002     (.common:ADCconverted)
                  00000202    00000002     (.common:i)
                  00000204    00000002     (.common:i2)
                  00000206    00000002     (.common:j)
                  00000208    00000002     (.common:num)
                  0000020a    00000002     (.common:rows)
                  0000020c    00000002     (.common:width)

.data      0    0000020e    0000000e     UNINITIALIZED
                  0000020e    0000000e     main.obj (.data)

.stack     0    000003b0    00000050     UNINITIALIZED
                  000003b0    00000002     rts430_eabi.lib : boot.c.obj (.stack)
                  000003b2    0000004e     --HOLE--

.text      0    0000c000    00001c44     
                  0000c000    000004bc     SSD1306.obj (.text:text)
                  0000c4bc    00000478     rts430_eabi.lib : frcdivd.c.obj (.text:__TI_frcdivd)
                  0000c934    00000286                     : frcmpyd.c.obj (.text:__TI_frcmpyd)
                  0000cbba    0000026e                     : mpyd.c.obj (.text:__mspabi_mpyd)
                  0000ce28    00000238                     : divd.c.obj (.text:__mspabi_divd)
                  0000d060    00000196     main.obj (.text:main)
                  0000d1f6    00000116     rts430_eabi.lib : _printfi_min.c.obj (.text:_setfield)
                  0000d30c    000000f0                     : _printfi_min.c.obj (.text:__TI_printfi_minimal)
                  0000d3fc    000000ca                     : _printfi_min.c.obj (.text:_pproc_diouxp)
                  0000d4c6    0000009c                     : fs_div.asm.obj (.text)
                  0000d562    00000092     SSD1306.obj (.text:text__continue_cursor_to_end_of_row)
                  0000d5f4    0000008c     rts430_eabi.lib : cvtdf.c.obj (.text:__mspabi_cvtdf)
                  0000d680    0000007c                     : copy_decompress_lzss.c.obj (.text:decompress:lzss:__TI_decompress_lzss)
                  0000d6fc    00000072                     : cvtfd.c.obj (.text:__mspabi_cvtfd)
                  0000d76e    00000068                     : fs_toi.asm.obj (.text)
                  0000d7d6    00000066     SSD1306.obj (.text:begin)
                  0000d83c    0000005e     SSD1306.obj (.text:printC)
                  0000d89a    0000005c     rts430_eabi.lib : lsr32.asm.obj (.text:l_lsr_const)
                  0000d8f6    0000004c                     : lsr16.asm.obj (.text)
                  0000d942    00000042                     : autoinit.c.obj (.text:__TI_auto_init_nobinit_nopinit:__TI_auto_init_nobinit_nopinit)
                  0000d984    0000003e                     : asr32.asm.obj (.text:l_asr_const)
                  0000d9c2    0000003e                     : lsl32.asm.obj (.text:l_lsl_const)
                  0000da00    00000038                     : sprintf.c.obj (.text:sprintf)
                  0000da38    00000034     SSD1306.obj (.text:printS)
                  0000da6c    0000002c     rts430_eabi.lib : asr16.asm.obj (.text)
                  0000da98    0000002c                     : lsl16.asm.obj (.text)
                  0000dac4    00000026                     : mult32.asm.obj (.text)
                  0000daea    00000024                     : fs_utof.asm.obj (.text)
                  0000db0e    0000001c                     : boot.c.obj (.text:_c_int00_noargs)
                  0000db2a    0000001a                     : sprintf.c.obj (.text:_outs)
                  0000db44    0000001a                     : memccpy.c.obj (.text:memccpy)
                  0000db5e    00000016                     : div16u.asm.obj (.text)
                  0000db74    00000014                     : copy_zero_init.c.obj (.text:decompress:ZI:__TI_zero_init_nomemset:__TI_zero_init_nomemset)
                  0000db88    00000014                     : memset.c.obj (.text:memset)
                  0000db9c    00000014                     : mult16.asm.obj (.text)
                  0000dbb0    00000012                     : sprintf.c.obj (.text:_outc)
                  0000dbc2    00000012                     : copy_decompress_none.c.obj (.text:decompress:none:__TI_decompress_none)
                  0000dbd4    00000012                     : memcpy.c.obj (.text:memcpy)
                  0000dbe6    00000010                     : epilog.asm.obj (.text)
                  0000dbf6    0000000e     main.obj (.text:TIMER0_A1_ISR_HOOK)
                  0000dc04    0000000e     rts430_eabi.lib : strlen.c.obj (.text:strlen)
                  0000dc12    0000000c     SSD1306.obj (.text:USCIAB0TX_ISR)
                  0000dc1e    0000000a     SSD1306.obj (.text:printD)
                  0000dc28    00000008     rts430_eabi.lib : isr_trap.asm.obj (.text:_isr:__TI_ISR_TRAP)
                  0000dc30    00000008     SSD1306.obj (.text:printE)
                  0000dc38    00000006     rts430_eabi.lib : exit.c.obj (.text:abort)
                  0000dc3e    00000004                     : pre_init.c.obj (.text:_system_pre_init)
                  0000dc42    00000002                     : startup.c.obj (.text:_system_post_cinit)

.const     0    0000dc44    0000110b     
                  0000dc44    00000840     SSD1306.obj (.const:Terminal11x16)
                  0000e484    000004b0     SSD1306.obj (.const:Arial24x40)
                  0000e934    000001e0     SSD1306.obj (.const:Arial16x24)
                  0000eb14    000001e0     SSD1306.obj (.const:Terminal6x8)
                  0000ecf4    00000022     SSD1306.obj (.const:.string)
                  0000ed16    0000001f     SSD1306.obj (.const:.string:$P$T0$1)
                  0000ed35    00000001     --HOLE-- [fill = 0]
                  0000ed36    00000014     rts430_eabi.lib : _printfi_min.c.obj (.const:.string)
                  0000ed4a    00000004     main.obj (.const:.string)
                  0000ed4e    00000001     SSD1306.obj (.const:.string:$P$T1$2)

.cinit     0    0000ed50    0000001a     
                  0000ed50    00000007     (.cinit..data.load) [load image, compression = lzss]
                  0000ed57    00000001     --HOLE-- [fill = 0]
                  0000ed58    00000006     (__TI_handler_table)
                  0000ed5e    00000004     (.cinit..bss.load) [load image, compression = zero_init]
                  0000ed62    00000008     (__TI_cinit_table)

.binit     0    0000c000    00000000     

.init_array 
*          0    0000c000    00000000     UNINITIALIZED

TRAPINT    0    0000ffe0    00000002     
                  0000ffe0    00000002     rts430_eabi.lib : int00.asm.obj (.int00)

PORT1      0    0000ffe4    00000002     
                  0000ffe4    00000002     rts430_eabi.lib : int02.asm.obj (.int02)

PORT2      0    0000ffe6    00000002     
                  0000ffe6    00000002     rts430_eabi.lib : int03.asm.obj (.int03)

ADC10      0    0000ffea    00000002     
                  0000ffea    00000002     rts430_eabi.lib : int05.asm.obj (.int05)

USCIAB0TX 
*          0    0000ffec    00000002     
                  0000ffec    00000002     SSD1306.obj (.int06)

USCIAB0RX 
*          0    0000ffee    00000002     
                  0000ffee    00000002     rts430_eabi.lib : int07.asm.obj (.int07)

TIMER0_A1 
*          0    0000fff0    00000002     
                  0000fff0    00000002     main.obj (.int08)

TIMER0_A0 
*          0    0000fff2    00000002     
                  0000fff2    00000002     rts430_eabi.lib : int09.asm.obj (.int09)

WDT        0    0000fff4    00000002     
                  0000fff4    00000002     rts430_eabi.lib : int10.asm.obj (.int10)

COMPARATORA 
*          0    0000fff6    00000002     
                  0000fff6    00000002     rts430_eabi.lib : int11.asm.obj (.int11)

TIMER1_A1 
*          0    0000fff8    00000002     
                  0000fff8    00000002     rts430_eabi.lib : int12.asm.obj (.int12)

TIMER1_A0 
*          0    0000fffa    00000002     
                  0000fffa    00000002     rts430_eabi.lib : int13.asm.obj (.int13)

NMI        0    0000fffc    00000002     
                  0000fffc    00000002     rts430_eabi.lib : int14.asm.obj (.int14)

.reset     0    0000fffe    00000002     
                  0000fffe    00000002     rts430_eabi.lib : boot.c.obj (.reset)

$fill000   0    0000ffde    00000002     
                  0000ffde    00000002     --HOLE-- [fill = ffff]

MODULE SUMMARY

       Module                       code   ro data   rw data
       ------                       ----   -------   -------
    .\
       SSD1306.obj                  1636   4340      10     
       main.obj                     420    6         18     
    +--+----------------------------+------+---------+---------+
       Total:                       2056   4346      28     
                                                            
    C:\ti\ccsv8\tools\compiler\ti-cgt-msp430_18.1.4.LTS\lib\rts430_eabi.lib
       frcdivd.c.obj                1144   0         0      
       _printfi_min.c.obj           720    20        0      
       frcmpyd.c.obj                646    0         0      
       mpyd.c.obj                   622    0         0      
       divd.c.obj                   568    0         0      
       fs_div.asm.obj               156    0         0      
       cvtdf.c.obj                  140    0         0      
       copy_decompress_lzss.c.obj   124    0         0      
       cvtfd.c.obj                  114    0         0      
       fs_toi.asm.obj               104    0         0      
       sprintf.c.obj                100    0         0      
       lsr32.asm.obj                92     0         0      
       lsr16.asm.obj                76     0         0      
       autoinit.c.obj               66     0         0      
       asr32.asm.obj                62     0         0      
       lsl32.asm.obj                62     0         0      
       asr16.asm.obj                44     0         0      
       lsl16.asm.obj                44     0         0      
       mult32.asm.obj               38     0         0      
       fs_utof.asm.obj              36     0         0      
       boot.c.obj                   28     2         0      
       memccpy.c.obj                26     0         0      
       div16u.asm.obj               22     0         0      
       copy_zero_init.c.obj         20     0         0      
       memset.c.obj                 20     0         0      
       mult16.asm.obj               20     0         0      
       copy_decompress_none.c.obj   18     0         0      
       memcpy.c.obj                 18     0         0      
       epilog.asm.obj               16     0         0      
       strlen.c.obj                 14     0         0      
       isr_trap.asm.obj             8      0         0      
       exit.c.obj                   6      0         0      
       pre_init.c.obj               4      0         0      
       int00.asm.obj                0      2         0      
       int02.asm.obj                0      2         0      
       int03.asm.obj                0      2         0      
       int05.asm.obj                0      2         0      
       int07.asm.obj                0      2         0      
       int09.asm.obj                0      2         0      
       int10.asm.obj                0      2         0      
       int11.asm.obj                0      2         0      
       int12.asm.obj                0      2         0      
       int13.asm.obj                0      2         0      
       int14.asm.obj                0      2         0      
       startup.c.obj                2      0         0      
    +--+----------------------------+------+---------+---------+
       Total:                       5180   44        0      
                                                            
       Stack:                       0      0         80     
       Linker Generated:            0      25        0      
    +--+----------------------------+------+---------+---------+
       Grand Total:                 7236   4415      108    


LINKER GENERATED COPY TABLES

__TI_cinit_table @ 0000ed62 records: 2, size/record: 4, table size: 8
	.data: load addr=0000ed50, load size=00000007 bytes, run addr=0000020e, run size=0000000e bytes, compression=lzss
	.bss: load addr=0000ed5e, load size=00000004 bytes, run addr=00000200, run size=0000000e bytes, compression=zero_init


LINKER GENERATED HANDLER TABLE

__TI_handler_table @ 0000ed58 records: 3, size/record: 2, table size: 6
	index: 0, handler: __TI_zero_init
	index: 1, handler: __TI_decompress_lzss
	index: 2, handler: __TI_decompress_none


GLOBAL SYMBOLS: SORTED ALPHABETICALLY BY Name 

address   name                               
-------   ----                               
0000004a  ADC10AE0                           
000001b0  ADC10CTL0                          
000001b2  ADC10CTL1                          
00000048  ADC10DTC0                          
00000049  ADC10DTC1                          
000001b4  ADC10MEM                           
000001bc  ADC10SA                            
00000200  ADCconverted                       
00000057  BCSCTL1                            
00000058  BCSCTL2                            
00000053  BCSCTL3                            
0000dc38  C$$EXIT                            
00000059  CACTL1                             
0000005a  CACTL2                             
000010fb  CALBC1_12MHZ                       
000010f9  CALBC1_16MHZ                       
000010ff  CALBC1_1MHZ                        
000010fd  CALBC1_8MHZ                        
000010fa  CALDCO_12MHZ                       
000010f8  CALDCO_16MHZ                       
000010fe  CALDCO_1MHZ                        
000010fc  CALDCO_8MHZ                        
0000005b  CAPD                               
00000056  DCOCTL                             
00000128  FCTL1                              
0000012a  FCTL2                              
0000012c  FCTL3                              
00000000  IE1                                
00000001  IE2                                
00000002  IFG1                               
00000003  IFG2                               
00000022  P1DIR                              
00000025  P1IE                               
00000024  P1IES                              
00000023  P1IFG                              
00000020  P1IN                               
00000021  P1OUT                              
00000027  P1REN                              
00000026  P1SEL                              
00000041  P1SEL2                             
0000002a  P2DIR                              
0000002d  P2IE                               
0000002c  P2IES                              
0000002b  P2IFG                              
00000028  P2IN                               
00000029  P2OUT                              
0000002f  P2REN                              
0000002e  P2SEL                              
00000042  P2SEL2                             
0000001a  P3DIR                              
00000018  P3IN                               
00000019  P3OUT                              
00000010  P3REN                              
0000001b  P3SEL                              
00000043  P3SEL2                             
00000172  TA0CCR0                            
00000174  TA0CCR1                            
00000176  TA0CCR2                            
00000162  TA0CCTL0                           
00000164  TA0CCTL1                           
00000166  TA0CCTL2                           
00000160  TA0CTL                             
0000012e  TA0IV                              
00000170  TA0R                               
00000192  TA1CCR0                            
00000194  TA1CCR1                            
00000196  TA1CCR2                            
00000182  TA1CCTL0                           
00000184  TA1CCTL1                           
00000186  TA1CCTL2                           
00000180  TA1CTL                             
0000011e  TA1IV                              
00000190  TA1R                               
0000dbf6  TIMER0_A1_ISR_HOOK                 
000010db  TLV_ADC10_1_LEN                    
000010da  TLV_ADC10_1_TAG                    
000010c0  TLV_CHECKSUM                       
000010f7  TLV_DCO_30_LEN                     
000010f6  TLV_DCO_30_TAG                     
0000005d  UCA0ABCTL                          
00000062  UCA0BR0                            
00000063  UCA0BR1                            
00000060  UCA0CTL0                           
00000061  UCA0CTL1                           
0000005f  UCA0IRRCTL                         
0000005e  UCA0IRTCTL                         
00000064  UCA0MCTL                           
00000066  UCA0RXBUF                          
00000065  UCA0STAT                           
00000067  UCA0TXBUF                          
0000006a  UCB0BR0                            
0000006b  UCB0BR1                            
00000068  UCB0CTL0                           
00000069  UCB0CTL1                           
0000006c  UCB0I2CIE                          
00000118  UCB0I2COA                          
0000011a  UCB0I2CSA                          
0000006e  UCB0RXBUF                          
0000006d  UCB0STAT                           
0000006f  UCB0TXBUF                          
0000dc12  USCIAB0TX_ISR                      
00000120  WDTCTL                             
00000400  __STACK_END                        
00000050  __STACK_SIZE                       
0000ed62  __TI_CINIT_Base                    
0000ed6a  __TI_CINIT_Limit                   
0000ed58  __TI_Handler_Table_Base            
0000ed5e  __TI_Handler_Table_Limit           
0000dc28  __TI_ISR_TRAP                      
0000d942  __TI_auto_init_nobinit_nopinit     
0000d680  __TI_decompress_lzss               
0000dbc2  __TI_decompress_none               
0000c4bc  __TI_frcdivd                       
0000c934  __TI_frcmpyd                       
0000ffe0  __TI_int00                         
0000ffe4  __TI_int02                         
0000ffe6  __TI_int03                         
0000ffea  __TI_int05                         
0000ffec  __TI_int06                         
0000ffee  __TI_int07                         
0000fff0  __TI_int08                         
0000fff2  __TI_int09                         
0000fff4  __TI_int10                         
0000fff6  __TI_int11                         
0000fff8  __TI_int12                         
0000fffa  __TI_int13                         
0000fffc  __TI_int14                         
ffffffff  __TI_pprof_out_hndl                
0000d30c  __TI_printfi_minimal               
ffffffff  __TI_prof_data_size                
ffffffff  __TI_prof_data_start               
0000db74  __TI_zero_init_nomemset            
ffffffff  __c_args__                         
0000d5f4  __mspabi_cvtdf                     
0000d6fc  __mspabi_cvtfd                     
0000ce28  __mspabi_divd                      
0000d4c6  __mspabi_divf                      
0000db5e  __mspabi_divu                      
0000d76e  __mspabi_fixfi                     
0000daea  __mspabi_fltuf                     
0000dbf2  __mspabi_func_epilog_1             
0000dbf0  __mspabi_func_epilog_2             
0000dbee  __mspabi_func_epilog_3             
0000dbec  __mspabi_func_epilog_4             
0000dbea  __mspabi_func_epilog_5             
0000dbe8  __mspabi_func_epilog_6             
0000dbe6  __mspabi_func_epilog_7             
0000cbba  __mspabi_mpyd                      
0000db9c  __mspabi_mpyi                      
0000db9c  __mspabi_mpyi_sw                   
0000dac4  __mspabi_mpyl                      
0000dac4  __mspabi_mpyl_sw                   
0000db5e  __mspabi_remu                      
0000da98  __mspabi_slli                      
0000dac0  __mspabi_slli_1                    
0000daae  __mspabi_slli_10                   
0000daac  __mspabi_slli_11                   
0000daaa  __mspabi_slli_12                   
0000daa8  __mspabi_slli_13                   
0000daa6  __mspabi_slli_14                   
0000daa4  __mspabi_slli_15                   
0000dabe  __mspabi_slli_2                    
0000dabc  __mspabi_slli_3                    
0000daba  __mspabi_slli_4                    
0000dab8  __mspabi_slli_5                    
0000dab6  __mspabi_slli_6                    
0000dab4  __mspabi_slli_7                    
0000dab2  __mspabi_slli_8                    
0000dab0  __mspabi_slli_9                    
0000d9fa  __mspabi_slll_1                    
0000d9d6  __mspabi_slll_10                   
0000d9d2  __mspabi_slll_11                   
0000d9ce  __mspabi_slll_12                   
0000d9ca  __mspabi_slll_13                   
0000d9c6  __mspabi_slll_14                   
0000d9c2  __mspabi_slll_15                   
0000d9f6  __mspabi_slll_2                    
0000d9f2  __mspabi_slll_3                    
0000d9ee  __mspabi_slll_4                    
0000d9ea  __mspabi_slll_5                    
0000d9e6  __mspabi_slll_6                    
0000d9e2  __mspabi_slll_7                    
0000d9de  __mspabi_slll_8                    
0000d9da  __mspabi_slll_9                    
0000da6c  __mspabi_srai                      
0000da94  __mspabi_srai_1                    
0000da82  __mspabi_srai_10                   
0000da80  __mspabi_srai_11                   
0000da7e  __mspabi_srai_12                   
0000da7c  __mspabi_srai_13                   
0000da7a  __mspabi_srai_14                   
0000da78  __mspabi_srai_15                   
0000da92  __mspabi_srai_2                    
0000da90  __mspabi_srai_3                    
0000da8e  __mspabi_srai_4                    
0000da8c  __mspabi_srai_5                    
0000da8a  __mspabi_srai_6                    
0000da88  __mspabi_srai_7                    
0000da86  __mspabi_srai_8                    
0000da84  __mspabi_srai_9                    
0000d9bc  __mspabi_sral_1                    
0000d998  __mspabi_sral_10                   
0000d994  __mspabi_sral_11                   
0000d990  __mspabi_sral_12                   
0000d98c  __mspabi_sral_13                   
0000d988  __mspabi_sral_14                   
0000d984  __mspabi_sral_15                   
0000d9b8  __mspabi_sral_2                    
0000d9b4  __mspabi_sral_3                    
0000d9b0  __mspabi_sral_4                    
0000d9ac  __mspabi_sral_5                    
0000d9a8  __mspabi_sral_6                    
0000d9a4  __mspabi_sral_7                    
0000d9a0  __mspabi_sral_8                    
0000d99c  __mspabi_sral_9                    
0000d8f6  __mspabi_srli                      
0000d93c  __mspabi_srli_1                    
0000d918  __mspabi_srli_10                   
0000d914  __mspabi_srli_11                   
0000d910  __mspabi_srli_12                   
0000d90c  __mspabi_srli_13                   
0000d908  __mspabi_srli_14                   
0000d904  __mspabi_srli_15                   
0000d938  __mspabi_srli_2                    
0000d934  __mspabi_srli_3                    
0000d930  __mspabi_srli_4                    
0000d92c  __mspabi_srli_5                    
0000d928  __mspabi_srli_6                    
0000d924  __mspabi_srli_7                    
0000d920  __mspabi_srli_8                    
0000d91c  __mspabi_srli_9                    
0000d8ee  __mspabi_srll_1                    
0000d8b8  __mspabi_srll_10                   
0000d8b2  __mspabi_srll_11                   
0000d8ac  __mspabi_srll_12                   
0000d8a6  __mspabi_srll_13                   
0000d8a0  __mspabi_srll_14                   
0000d89a  __mspabi_srll_15                   
0000d8e8  __mspabi_srll_2                    
0000d8e2  __mspabi_srll_3                    
0000d8dc  __mspabi_srll_4                    
0000d8d6  __mspabi_srll_5                    
0000d8d0  __mspabi_srll_6                    
0000d8ca  __mspabi_srll_7                    
0000d8c4  __mspabi_srll_8                    
0000d8be  __mspabi_srll_9                    
0000db0e  _c_int00_noargs                    
0000fffe  _reset_vector                      
000003b0  _stack                             
0000dc42  _system_post_cinit                 
0000dc3e  _system_pre_init                   
0000dc38  abort                              
0000d7d6  begin                              
0000020e  count                              
00000202  i                                  
00000204  i2                                 
00000206  j                                  
0000d060  main                               
0000db44  memccpy                            
0000dbd4  memcpy                             
0000db88  memset                             
00000208  num                                
0000d83c  printC                             
0000dc1e  printD                             
0000dc30  printE                             
0000da38  printS                             
00000214  rev_per_hour                       
0000020a  rows                               
00000218  speed                              
0000da00  sprintf                            
0000dc04  strlen                             
0000c000  text                               
0000d562  text__continue_cursor_to_end_of_row
00000210  time_in_seconds                    
0000020c  width                              


GLOBAL SYMBOLS: SORTED BY Symbol Address 

address   name                               
-------   ----                               
00000000  IE1                                
00000001  IE2                                
00000002  IFG1                               
00000003  IFG2                               
00000010  P3REN                              
00000018  P3IN                               
00000019  P3OUT                              
0000001a  P3DIR                              
0000001b  P3SEL                              
00000020  P1IN                               
00000021  P1OUT                              
00000022  P1DIR                              
00000023  P1IFG                              
00000024  P1IES                              
00000025  P1IE                               
00000026  P1SEL                              
00000027  P1REN                              
00000028  P2IN                               
00000029  P2OUT                              
0000002a  P2DIR                              
0000002b  P2IFG                              
0000002c  P2IES                              
0000002d  P2IE                               
0000002e  P2SEL                              
0000002f  P2REN                              
00000041  P1SEL2                             
00000042  P2SEL2                             
00000043  P3SEL2                             
00000048  ADC10DTC0                          
00000049  ADC10DTC1                          
0000004a  ADC10AE0                           
00000050  __STACK_SIZE                       
00000053  BCSCTL3                            
00000056  DCOCTL                             
00000057  BCSCTL1                            
00000058  BCSCTL2                            
00000059  CACTL1                             
0000005a  CACTL2                             
0000005b  CAPD                               
0000005d  UCA0ABCTL                          
0000005e  UCA0IRTCTL                         
0000005f  UCA0IRRCTL                         
00000060  UCA0CTL0                           
00000061  UCA0CTL1                           
00000062  UCA0BR0                            
00000063  UCA0BR1                            
00000064  UCA0MCTL                           
00000065  UCA0STAT                           
00000066  UCA0RXBUF                          
00000067  UCA0TXBUF                          
00000068  UCB0CTL0                           
00000069  UCB0CTL1                           
0000006a  UCB0BR0                            
0000006b  UCB0BR1                            
0000006c  UCB0I2CIE                          
0000006d  UCB0STAT                           
0000006e  UCB0RXBUF                          
0000006f  UCB0TXBUF                          
00000118  UCB0I2COA                          
0000011a  UCB0I2CSA                          
0000011e  TA1IV                              
00000120  WDTCTL                             
00000128  FCTL1                              
0000012a  FCTL2                              
0000012c  FCTL3                              
0000012e  TA0IV                              
00000160  TA0CTL                             
00000162  TA0CCTL0                           
00000164  TA0CCTL1                           
00000166  TA0CCTL2                           
00000170  TA0R                               
00000172  TA0CCR0                            
00000174  TA0CCR1                            
00000176  TA0CCR2                            
00000180  TA1CTL                             
00000182  TA1CCTL0                           
00000184  TA1CCTL1                           
00000186  TA1CCTL2                           
00000190  TA1R                               
00000192  TA1CCR0                            
00000194  TA1CCR1                            
00000196  TA1CCR2                            
000001b0  ADC10CTL0                          
000001b2  ADC10CTL1                          
000001b4  ADC10MEM                           
000001bc  ADC10SA                            
00000200  ADCconverted                       
00000202  i                                  
00000204  i2                                 
00000206  j                                  
00000208  num                                
0000020a  rows                               
0000020c  width                              
0000020e  count                              
00000210  time_in_seconds                    
00000214  rev_per_hour                       
00000218  speed                              
000003b0  _stack                             
00000400  __STACK_END                        
000010c0  TLV_CHECKSUM                       
000010da  TLV_ADC10_1_TAG                    
000010db  TLV_ADC10_1_LEN                    
000010f6  TLV_DCO_30_TAG                     
000010f7  TLV_DCO_30_LEN                     
000010f8  CALDCO_16MHZ                       
000010f9  CALBC1_16MHZ                       
000010fa  CALDCO_12MHZ                       
000010fb  CALBC1_12MHZ                       
000010fc  CALDCO_8MHZ                        
000010fd  CALBC1_8MHZ                        
000010fe  CALDCO_1MHZ                        
000010ff  CALBC1_1MHZ                        
0000c000  text                               
0000c4bc  __TI_frcdivd                       
0000c934  __TI_frcmpyd                       
0000cbba  __mspabi_mpyd                      
0000ce28  __mspabi_divd                      
0000d060  main                               
0000d30c  __TI_printfi_minimal               
0000d4c6  __mspabi_divf                      
0000d562  text__continue_cursor_to_end_of_row
0000d5f4  __mspabi_cvtdf                     
0000d680  __TI_decompress_lzss               
0000d6fc  __mspabi_cvtfd                     
0000d76e  __mspabi_fixfi                     
0000d7d6  begin                              
0000d83c  printC                             
0000d89a  __mspabi_srll_15                   
0000d8a0  __mspabi_srll_14                   
0000d8a6  __mspabi_srll_13                   
0000d8ac  __mspabi_srll_12                   
0000d8b2  __mspabi_srll_11                   
0000d8b8  __mspabi_srll_10                   
0000d8be  __mspabi_srll_9                    
0000d8c4  __mspabi_srll_8                    
0000d8ca  __mspabi_srll_7                    
0000d8d0  __mspabi_srll_6                    
0000d8d6  __mspabi_srll_5                    
0000d8dc  __mspabi_srll_4                    
0000d8e2  __mspabi_srll_3                    
0000d8e8  __mspabi_srll_2                    
0000d8ee  __mspabi_srll_1                    
0000d8f6  __mspabi_srli                      
0000d904  __mspabi_srli_15                   
0000d908  __mspabi_srli_14                   
0000d90c  __mspabi_srli_13                   
0000d910  __mspabi_srli_12                   
0000d914  __mspabi_srli_11                   
0000d918  __mspabi_srli_10                   
0000d91c  __mspabi_srli_9                    
0000d920  __mspabi_srli_8                    
0000d924  __mspabi_srli_7                    
0000d928  __mspabi_srli_6                    
0000d92c  __mspabi_srli_5                    
0000d930  __mspabi_srli_4                    
0000d934  __mspabi_srli_3                    
0000d938  __mspabi_srli_2                    
0000d93c  __mspabi_srli_1                    
0000d942  __TI_auto_init_nobinit_nopinit     
0000d984  __mspabi_sral_15                   
0000d988  __mspabi_sral_14                   
0000d98c  __mspabi_sral_13                   
0000d990  __mspabi_sral_12                   
0000d994  __mspabi_sral_11                   
0000d998  __mspabi_sral_10                   
0000d99c  __mspabi_sral_9                    
0000d9a0  __mspabi_sral_8                    
0000d9a4  __mspabi_sral_7                    
0000d9a8  __mspabi_sral_6                    
0000d9ac  __mspabi_sral_5                    
0000d9b0  __mspabi_sral_4                    
0000d9b4  __mspabi_sral_3                    
0000d9b8  __mspabi_sral_2                    
0000d9bc  __mspabi_sral_1                    
0000d9c2  __mspabi_slll_15                   
0000d9c6  __mspabi_slll_14                   
0000d9ca  __mspabi_slll_13                   
0000d9ce  __mspabi_slll_12                   
0000d9d2  __mspabi_slll_11                   
0000d9d6  __mspabi_slll_10                   
0000d9da  __mspabi_slll_9                    
0000d9de  __mspabi_slll_8                    
0000d9e2  __mspabi_slll_7                    
0000d9e6  __mspabi_slll_6                    
0000d9ea  __mspabi_slll_5                    
0000d9ee  __mspabi_slll_4                    
0000d9f2  __mspabi_slll_3                    
0000d9f6  __mspabi_slll_2                    
0000d9fa  __mspabi_slll_1                    
0000da00  sprintf                            
0000da38  printS                             
0000da6c  __mspabi_srai                      
0000da78  __mspabi_srai_15                   
0000da7a  __mspabi_srai_14                   
0000da7c  __mspabi_srai_13                   
0000da7e  __mspabi_srai_12                   
0000da80  __mspabi_srai_11                   
0000da82  __mspabi_srai_10                   
0000da84  __mspabi_srai_9                    
0000da86  __mspabi_srai_8                    
0000da88  __mspabi_srai_7                    
0000da8a  __mspabi_srai_6                    
0000da8c  __mspabi_srai_5                    
0000da8e  __mspabi_srai_4                    
0000da90  __mspabi_srai_3                    
0000da92  __mspabi_srai_2                    
0000da94  __mspabi_srai_1                    
0000da98  __mspabi_slli                      
0000daa4  __mspabi_slli_15                   
0000daa6  __mspabi_slli_14                   
0000daa8  __mspabi_slli_13                   
0000daaa  __mspabi_slli_12                   
0000daac  __mspabi_slli_11                   
0000daae  __mspabi_slli_10                   
0000dab0  __mspabi_slli_9                    
0000dab2  __mspabi_slli_8                    
0000dab4  __mspabi_slli_7                    
0000dab6  __mspabi_slli_6                    
0000dab8  __mspabi_slli_5                    
0000daba  __mspabi_slli_4                    
0000dabc  __mspabi_slli_3                    
0000dabe  __mspabi_slli_2                    
0000dac0  __mspabi_slli_1                    
0000dac4  __mspabi_mpyl                      
0000dac4  __mspabi_mpyl_sw                   
0000daea  __mspabi_fltuf                     
0000db0e  _c_int00_noargs                    
0000db44  memccpy                            
0000db5e  __mspabi_divu                      
0000db5e  __mspabi_remu                      
0000db74  __TI_zero_init_nomemset            
0000db88  memset                             
0000db9c  __mspabi_mpyi                      
0000db9c  __mspabi_mpyi_sw                   
0000dbc2  __TI_decompress_none               
0000dbd4  memcpy                             
0000dbe6  __mspabi_func_epilog_7             
0000dbe8  __mspabi_func_epilog_6             
0000dbea  __mspabi_func_epilog_5             
0000dbec  __mspabi_func_epilog_4             
0000dbee  __mspabi_func_epilog_3             
0000dbf0  __mspabi_func_epilog_2             
0000dbf2  __mspabi_func_epilog_1             
0000dbf6  TIMER0_A1_ISR_HOOK                 
0000dc04  strlen                             
0000dc12  USCIAB0TX_ISR                      
0000dc1e  printD                             
0000dc28  __TI_ISR_TRAP                      
0000dc30  printE                             
0000dc38  C$$EXIT                            
0000dc38  abort                              
0000dc3e  _system_pre_init                   
0000dc42  _system_post_cinit                 
0000ed58  __TI_Handler_Table_Base            
0000ed5e  __TI_Handler_Table_Limit           
0000ed62  __TI_CINIT_Base                    
0000ed6a  __TI_CINIT_Limit                   
0000ffe0  __TI_int00                         
0000ffe4  __TI_int02                         
0000ffe6  __TI_int03                         
0000ffea  __TI_int05                         
0000ffec  __TI_int06                         
0000ffee  __TI_int07                         
0000fff0  __TI_int08                         
0000fff2  __TI_int09                         
0000fff4  __TI_int10                         
0000fff6  __TI_int11                         
0000fff8  __TI_int12                         
0000fffa  __TI_int13                         
0000fffc  __TI_int14                         
0000fffe  _reset_vector                      
ffffffff  __TI_pprof_out_hndl                
ffffffff  __TI_prof_data_size                
ffffffff  __TI_prof_data_start               
ffffffff  __c_args__                         

[275 symbols]
